\BOOKMARK [1][-]{section.1}{\376\377\000I\000n\000t\000r\000o\000d\000u\000c\000t\000i\000o\000n}{}% 1
\BOOKMARK [1][-]{section.2}{\376\377\000R\000e\000l\000a\000t\000e\000d\000\040\000W\000o\000r\000k}{}% 2
\BOOKMARK [2][-]{subsection.2.1}{\376\377\000P\000r\000e\000l\000i\000m\000i\000n\000a\000r\000i\000e\000s}{section.2}% 3
\BOOKMARK [1][-]{section.3}{\376\377\000L\000a\000t\000e\000n\000t\000\040\000G\000e\000o\000m\000e\000t\000r\000y\000\040\000F\000r\000a\000m\000e\000w\000o\000r\000k}{}% 4
\BOOKMARK [2][-]{subsection.3.1}{\376\377\000S\000t\000a\000g\000e\000\040\0001\000\040\040\024\000\040\000L\000a\000t\000e\000n\000t\000\040\000T\000r\000a\000j\000e\000c\000t\000o\000r\000y\000\040\000C\000o\000m\000p\000l\000e\000x\000i\000t\000y\000\040\000\050\000L\000T\000C\000\051}{section.3}% 5
\BOOKMARK [2][-]{subsection.3.2}{\376\377\000S\000t\000a\000g\000e\000\040\0002\000\040\040\024\000\040\000M\000a\000n\000i\000f\000o\000l\000d\000\040\000R\000e\000g\000u\000l\000a\000r\000i\000t\000y\000\040\000\050\000L\000C\000S\000,\000\040\000T\000S\000I\000,\000\040\000G\000S\000P\000\051}{section.3}% 6
\BOOKMARK [2][-]{subsection.3.3}{\376\377\000S\000t\000a\000g\000e\000\040\0003\000\040\040\024\000\040\000M\000a\000n\000i\000f\000o\000l\000d\000\040\000R\000e\000l\000i\000a\000b\000i\000l\000i\000t\000y\000\040\000P\000r\000o\000t\000o\000c\000o\000l\000\040\000\050\000P\000D\000S\000\040\000a\000n\000d\000\040\000F\000S\000S\000\051}{section.3}% 7
\BOOKMARK [2][-]{subsection.3.4}{\376\377\000S\000t\000a\000g\000e\000\040\0004\000\040\040\024\000\040\000T\000e\000m\000p\000o\000r\000a\000l\000\040\000P\000r\000i\000m\000i\000t\000i\000v\000e\000\040\000P\000r\000o\000b\000i\000n\000g\000\040\000\050\000C\000S\000S\000\051}{section.3}% 8
\BOOKMARK [1][-]{section.4}{\376\377\000E\000x\000p\000e\000r\000i\000m\000e\000n\000t\000s}{}% 9
\BOOKMARK [2][-]{subsection.4.1}{\376\377\000S\000e\000t\000u\000p}{section.4}% 10
\BOOKMARK [2][-]{subsection.4.2}{\376\377\000M\000a\000i\000n\000\040\000R\000e\000s\000u\000l\000t\000s}{section.4}% 11
\BOOKMARK [1][-]{section.5}{\376\377\000C\000o\000n\000c\000l\000u\000s\000i\000o\000n}{}% 12
\BOOKMARK [1][-]{appendix.A}{\376\377\000E\000x\000t\000e\000n\000d\000e\000d\000\040\000R\000e\000l\000a\000t\000e\000d\000\040\000W\000o\000r\000k}{}% 13
\BOOKMARK [1][-]{appendix.B}{\376\377\000L\000G\000F\000\040\000F\000r\000a\000m\000e\000w\000o\000r\000k\000:\000\040\000I\000n\000t\000u\000i\000t\000i\000o\000n\000\040\000a\000n\000d\000\040\000S\000u\000p\000p\000o\000r\000t\000i\000n\000g\000\040\000F\000i\000g\000u\000r\000e\000s}{}% 14
\BOOKMARK [2][-]{subsection.B.1}{\376\377\000L\000T\000C\000:\000\040\000T\000e\000m\000p\000o\000r\000a\000l\000\040\000T\000r\000a\000j\000e\000c\000t\000o\000r\000y\000\040\000C\000o\000m\000p\000l\000e\000x\000i\000t\000y}{appendix.B}% 15
\BOOKMARK [2][-]{subsection.B.2}{\376\377\000M\000a\000n\000i\000f\000o\000l\000d\000\040\000R\000e\000g\000u\000l\000a\000r\000i\000t\000y\000:\000\040\000L\000C\000S\000\040\000C\000l\000u\000s\000t\000e\000r\000\040\000S\000t\000r\000u\000c\000t\000u\000r\000e}{appendix.B}% 16
\BOOKMARK [2][-]{subsection.B.3}{\376\377\000R\000e\000l\000i\000a\000b\000i\000l\000i\000t\000y\000:\000\040\000P\000D\000S\000\040\000v\000s\000.\000\040\000F\000S\000S\000\040\000C\000o\000n\000c\000e\000p\000t}{appendix.B}% 17
\BOOKMARK [2][-]{subsection.B.4}{\376\377\000P\000D\000S\000\040\000v\000s\000.\000\040\000F\000S\000S\000\040\000P\000e\000r\000\040\000D\000a\000t\000a\000s\000e\000t}{appendix.B}% 18
\BOOKMARK [2][-]{subsection.B.5}{\376\377\000C\000S\000S\000\040\000P\000r\000o\000b\000i\000n\000g\000:\000\040\000D\000e\000c\000o\000d\000i\000n\000g\000\040\000T\000e\000m\000p\000o\000r\000a\000l\000\040\000C\000o\000n\000c\000e\000p\000t\000s}{appendix.B}% 19
\BOOKMARK [2][-]{subsection.B.6}{\376\377\000O\000O\000D\000\040\000V\000a\000l\000i\000d\000a\000t\000i\000o\000n\000:\000\040\000T\000h\000r\000e\000e\000-\000W\000a\000y\000\040\000M\000e\000t\000r\000i\000c\000\040\000S\000p\000l\000i\000t}{appendix.B}% 20
\BOOKMARK [2][-]{subsection.B.7}{\376\377\000A\000b\000l\000a\000t\000i\000o\000n\000\040\000S\000t\000u\000d\000i\000e\000s}{appendix.B}% 21
\BOOKMARK [2][-]{subsection.B.8}{\376\377\000L\000i\000m\000i\000t\000a\000t\000i\000o\000n\000s\000\040\000a\000n\000d\000\040\000F\000u\000t\000u\000r\000e\000\040\000D\000i\000r\000e\000c\000t\000i\000o\000n\000s}{appendix.B}% 22
\BOOKMARK [1][-]{appendix.C}{\376\377\000F\000u\000l\000l\000\040\000T\000h\000e\000o\000r\000e\000t\000i\000c\000a\000l\000\040\000P\000r\000o\000o\000f\000s}{}% 23
\BOOKMARK [2][-]{subsection.C.1}{\376\377\000M\000a\000n\000i\000f\000o\000l\000d\000\040\000F\000o\000u\000n\000d\000a\000t\000i\000o\000n\000s}{appendix.C}% 24
\BOOKMARK [2][-]{subsection.C.2}{\376\377\000L\000T\000C\000\040\000P\000r\000o\000o\000f\000s}{appendix.C}% 25
\BOOKMARK [2][-]{subsection.C.3}{\376\377\000L\000i\000p\000s\000c\000h\000i\000t\000z\000\040\000S\000t\000a\000b\000i\000l\000i\000t\000y\000\040\000P\000r\000o\000o\000f\000s}{appendix.C}% 26
\BOOKMARK [2][-]{subsection.C.4}{\376\377\000C\000S\000S\000\040\000a\000n\000d\000\040\000L\000i\000n\000e\000a\000r\000\040\000P\000r\000o\000b\000i\000n\000g\000\040\000P\000r\000o\000o\000f\000s}{appendix.C}% 27
\BOOKMARK [2][-]{subsection.C.5}{\376\377\000R\000e\000l\000i\000a\000b\000i\000l\000i\000t\000y\000\040\000G\000e\000o\000m\000e\000t\000r\000y\000\040\000P\000r\000o\000o\000f\000s}{appendix.C}% 28
\BOOKMARK [2][-]{subsection.C.6}{\376\377\000G\000e\000n\000e\000r\000a\000l\000i\000s\000a\000t\000i\000o\000n\000\040\000B\000o\000u\000n\000d\000s}{appendix.C}% 29
\BOOKMARK [1][-]{appendix.D}{\376\377\000E\000x\000t\000e\000n\000d\000e\000d\000\040\000E\000x\000p\000e\000r\000i\000m\000e\000n\000t\000a\000l\000\040\000D\000e\000t\000a\000i\000l\000s}{}% 30
\BOOKMARK [2][-]{subsection.D.1}{\376\377\000D\000a\000t\000a\000s\000e\000t\000s}{appendix.D}% 31
\BOOKMARK [2][-]{subsection.D.2}{\376\377\000H\000y\000p\000e\000r\000p\000a\000r\000a\000m\000e\000t\000e\000r\000s\000\040\000a\000n\000d\000\040\000I\000m\000p\000l\000e\000m\000e\000n\000t\000a\000t\000i\000o\000n}{appendix.D}% 32
\BOOKMARK [2][-]{subsection.D.3}{\376\377\000S\000u\000p\000e\000r\000v\000i\000s\000e\000d\000\040\000B\000a\000s\000e\000l\000i\000n\000e\000\040\000T\000r\000a\000i\000n\000i\000n\000g}{appendix.D}% 33
\BOOKMARK [2][-]{subsection.D.4}{\376\377\000E\000x\000t\000e\000n\000d\000e\000d\000\040\000M\000a\000n\000i\000f\000o\000l\000d\000\040\000R\000e\000g\000u\000l\000a\000r\000i\000t\000y\000\040\000R\000e\000s\000u\000l\000t\000s}{appendix.D}% 34
\BOOKMARK [2][-]{subsection.D.5}{\376\377\000P\000e\000r\000-\000D\000a\000t\000a\000s\000e\000t\000\040\000C\000S\000S\000\040\000\050\000T\000i\000m\000e\000s\000F\000M\000\040\0002\000.\0000\000\051}{appendix.D}% 35
\BOOKMARK [2][-]{subsection.D.6}{\376\377\000H\000o\000r\000i\000z\000o\000n\000-\000R\000e\000s\000o\000l\000v\000e\000d\000\040\000R\000e\000l\000i\000a\000b\000i\000l\000i\000t\000y\000\040\000\050\000P\000D\000S\000\040\000a\000n\000d\000\040\000F\000S\000S\000\051}{appendix.D}% 36
\BOOKMARK [2][-]{subsection.D.7}{\376\377\000O\000O\000D\000\040\000E\000q\000u\000i\000t\000y\000\040\000E\000m\000b\000e\000d\000d\000i\000n\000g\000\040\000G\000e\000o\000m\000e\000t\000r\000y}{appendix.D}% 37
